[INFO] Scanning for projects...
[INFO] 
[INFO] -----------------< io.github.spendice:link-shortener >------------------
[INFO] Building link-shortener 0.1.0-SNAPSHOT
[INFO]   from pom.xml
[INFO] --------------------------------[ jar ]---------------------------------
[INFO] 
[INFO] >>> spring-boot:3.5.16:run (default-cli) > test-compile @ link-shortener >>>
[INFO] 
[INFO] --- resources:3.3.1:resources (default-resources) @ link-shortener ---
[INFO] Copying 1 resource from src/main/resources to target/classes
[INFO] Copying 9 resources from src/main/resources to target/classes
[INFO] 
[INFO] --- compiler:3.14.1:compile (default-compile) @ link-shortener ---
[INFO] Nothing to compile - all classes are up to date.
[INFO] 
[INFO] --- resources:3.3.1:testResources (default-testResources) @ link-shortener ---
[INFO] skip non existing resourceDirectory /home/spendice/Documents/Archivos_Facu/PP6/wt-issue-11/src/test/resources
[INFO] 
[INFO] --- compiler:3.14.1:testCompile (default-testCompile) @ link-shortener ---
[INFO] Nothing to compile - all classes are up to date.
[INFO] 
[INFO] <<< spring-boot:3.5.16:run (default-cli) < test-compile @ link-shortener <<<
[INFO] 
[INFO] 
[INFO] --- spring-boot:3.5.16:run (default-cli) @ link-shortener ---
[INFO] Attaching agents: []

  .   ____          _            __ _ _
 /\\ / ___'_ __ _ _(_)_ __  __ _ \ \ \ \
( ( )\___ | '_ | '_| | '_ \/ _` | \ \ \ \
 \\/  ___)| |_)| | | | | || (_| |  ) ) ) )
  '  |____| .__|_| |_|_| |_\__, | / / / /
 =========|_|==============|___/=/_/_/_/

 :: Spring Boot ::               (v3.5.16)

2026-10-05T14:48:43.852-03:00  INFO 393645 --- [link-shortener] [           main] i.g.s.l.LinkShortenerApplication         : Starting LinkShortenerApplication using Java 17.0.20.1 with PID 393645 (/home/spendice/Documents/Archivos_Facu/PP6/wt-issue-11/target/classes started by spendice in /home/spendice/Documents/Archivos_Facu/PP6/wt-issue-11)
2026-10-05T14:48:43.858-03:00  INFO 393645 --- [link-shortener] [           main] i.g.s.l.LinkShortenerApplication         : No active profile set, falling back to 1 default profile: "default"
2026-10-05T14:48:44.932-03:00  INFO 393645 --- [link-shortener] [           main] .s.d.r.c.RepositoryConfigurationDelegate : Bootstrapping Spring Data JPA repositories in DEFAULT mode.
2026-10-05T14:48:45.037-03:00  INFO 393645 --- [link-shortener] [           main] .s.d.r.c.RepositoryConfigurationDelegate : Finished Spring Data repository scanning in 89 ms. Found 3 JPA repository interfaces.
2026-10-05T14:48:45.895-03:00  INFO 393645 --- [link-shortener] [           main] o.s.b.w.embedded.tomcat.TomcatWebServer  : Tomcat initialized with port 8080 (http)
2026-10-05T14:48:45.921-03:00  INFO 393645 --- [link-shortener] [           main] o.apache.catalina.core.StandardService   : Starting service [Tomcat]
2026-10-05T14:48:45.922-03:00  INFO 393645 --- [link-shortener] [           main] o.apache.catalina.core.StandardEngine    : Starting Servlet engine: [Apache Tomcat/10.1.55]
2026-10-05T14:48:46.007-03:00  INFO 393645 --- [link-shortener] [           main] o.a.c.c.C.[Tomcat].[localhost].[/]       : Initializing Spring embedded WebApplicationContext
2026-10-05T14:48:46.009-03:00  INFO 393645 --- [link-shortener] [           main] w.s.c.ServletWebServerApplicationContext : Root WebApplicationContext: initialization completed in 2063 ms
2026-10-05T14:48:46.440-03:00  INFO 393645 --- [link-shortener] [           main] com.zaxxer.hikari.HikariDataSource       : HikariPool-1 - Starting...
2026-10-05T14:48:46.699-03:00  INFO 393645 --- [link-shortener] [           main] com.zaxxer.hikari.pool.HikariPool        : HikariPool-1 - Added connection org.postgresql.jdbc.PgConnection@5d124d29
2026-10-05T14:48:46.702-03:00  INFO 393645 --- [link-shortener] [           main] com.zaxxer.hikari.HikariDataSource       : HikariPool-1 - Start completed.
2026-10-05T14:48:46.754-03:00  INFO 393645 --- [link-shortener] [           main] org.flywaydb.core.FlywayExecutor         : Database: jdbc:postgresql://127.0.0.1:55434/acortador (PostgreSQL 16.4)
2026-10-05T14:48:46.840-03:00  INFO 393645 --- [link-shortener] [           main] o.f.core.internal.command.DbValidate     : Successfully validated 2 migrations (execution time 00:00.049s)
2026-10-05T14:48:46.868-03:00  INFO 393645 --- [link-shortener] [           main] o.f.core.internal.command.DbMigrate      : Current version of schema "public": 2
2026-10-05T14:48:46.872-03:00  INFO 393645 --- [link-shortener] [           main] o.f.core.internal.command.DbMigrate      : Schema "public" is up to date. No migration necessary.
2026-10-05T14:48:47.009-03:00  INFO 393645 --- [link-shortener] [           main] o.hibernate.jpa.internal.util.LogHelper  : HHH000204: Processing PersistenceUnitInfo [name: default]
2026-10-05T14:48:47.087-03:00  INFO 393645 --- [link-shortener] [           main] org.hibernate.Version                    : HHH000412: Hibernate ORM core version 6.6.53.Final
2026-10-05T14:48:47.143-03:00  INFO 393645 --- [link-shortener] [           main] o.h.c.internal.RegionFactoryInitiator    : HHH000026: Second-level cache disabled
2026-10-05T14:48:47.561-03:00  INFO 393645 --- [link-shortener] [           main] o.s.o.j.p.SpringPersistenceUnitInfo      : No LoadTimeWeaver setup: ignoring JPA class transformer
2026-10-05T14:48:47.688-03:00  INFO 393645 --- [link-shortener] [           main] org.hibernate.orm.connections.pooling    : HHH10001005: Database info:
	Database JDBC URL [Connecting through datasource 'HikariDataSource (HikariPool-1)']
	Database driver: undefined/unknown
	Database version: 16.4
	Autocommit mode: undefined/unknown
	Isolation level: undefined/unknown
	Minimum pool size: undefined/unknown
	Maximum pool size: undefined/unknown
2026-10-05T14:48:48.959-03:00  INFO 393645 --- [link-shortener] [           main] o.h.e.t.j.p.i.JtaPlatformInitiator       : HHH000489: No JTA platform available (set 'hibernate.transaction.jta.platform' to enable JTA platform integration)
2026-10-05T14:48:49.027-03:00  INFO 393645 --- [link-shortener] [           main] j.LocalContainerEntityManagerFactoryBean : Initialized JPA EntityManagerFactory for persistence unit 'default'
2026-10-05T14:48:49.405-03:00  INFO 393645 --- [link-shortener] [           main] o.s.d.j.r.query.QueryEnhancerFactory     : Hibernate is in classpath; If applicable, HQL parser will be used.
2026-10-05T14:48:50.236-03:00  INFO 393645 --- [link-shortener] [           main] o.s.b.a.w.s.WelcomePageHandlerMapping    : Adding welcome page: class path resource [static/index.html]
2026-10-05T14:48:50.762-03:00  INFO 393645 --- [link-shortener] [           main] o.s.b.w.embedded.tomcat.TomcatWebServer  : Tomcat started on port 8080 (http) with context path '/'
2026-10-05T14:48:50.782-03:00  INFO 393645 --- [link-shortener] [           main] i.g.s.l.LinkShortenerApplication         : Started LinkShortenerApplication in 7.722 seconds (process running for 8.23)
2026-10-05T14:48:51.364-03:00  INFO 393645 --- [link-shortener] [nio-8080-exec-1] o.a.c.c.C.[Tomcat].[localhost].[/]       : Initializing Spring DispatcherServlet 'dispatcherServlet'
2026-10-05T14:48:51.365-03:00  INFO 393645 --- [link-shortener] [nio-8080-exec-1] o.s.web.servlet.DispatcherServlet        : Initializing Servlet 'dispatcherServlet'
2026-10-05T14:48:51.366-03:00  INFO 393645 --- [link-shortener] [nio-8080-exec-1] o.s.web.servlet.DispatcherServlet        : Completed initialization in 1 ms
2026-10-05T14:48:53.075-03:00  INFO 393645 --- [link-shortener] [ionShutdownHook] o.s.b.w.e.tomcat.GracefulShutdown        : Commencing graceful shutdown. Waiting for active requests to complete
2026-10-05T14:48:53.079-03:00  INFO 393645 --- [link-shortener] [tomcat-shutdown] o.s.b.w.e.tomcat.GracefulShutdown        : Graceful shutdown complete
2026-10-05T14:48:53.085-03:00  INFO 393645 --- [link-shortener] [ionShutdownHook] j.LocalContainerEntityManagerFactoryBean : Closing JPA EntityManagerFactory for persistence unit 'default'
2026-10-05T14:48:53.088-03:00  INFO 393645 --- [link-shortener] [ionShutdownHook] com.zaxxer.hikari.HikariDataSource       : HikariPool-1 - Shutdown initiated...
2026-10-05T14:48:53.093-03:00  INFO 393645 --- [link-shortener] [ionShutdownHook] com.zaxxer.hikari.HikariDataSource       : HikariPool-1 - Shutdown completed.
